// Vitest Snapshot v1

exports[`<ArticleComment /> > render 1`] = `"<div><div class=\\"article-comment\\"><div class=\\"article-comment__email\\">Eliseo@gardner.biz</div><div class=\\"article-comment__body\\">Laudantium enim quasi est quidem magnam voluptate ipsam eos tempora quo necessitatibus dolor quam autem quasi reiciendis et nam sapiente accusantium</div></div></div>"`;
